<html>
<body>
<pre>
<h1>µVision Build Log</h1>
<h2>Tool Versions:</h2>
IDE-Version: ¦ÌVision V5.14.0.0
Copyright (C) 2015 ARM Ltd and ARM Germany GmbH. All rights reserved.
License Information: Wong Jasper, 616, LIC=----
 
Tool Versions:
Toolchain:       MDK-Lite  Version: 5.14.0.0
Toolchain Path:  d:\Keil_v5\ARM\ARMCC\Bin
C Compiler:      Armcc.exe V5.05 update 1 (build 106)
Assembler:       Armasm.exe V5.05 update 1 (build 106)
Linker/Locator:  ArmLink.exe V5.05 update 1 (build 106)
Library Manager: ArmAr.exe V5.05 update 1 (build 106)
Hex Converter:   FromElf.exe V5.05 update 1 (build 106)
CPU DLL:         SARMCM3.DLL V5.14.0.0
Dialog DLL:      DARMSTM.DLL V1.65.0.0
Target DLL:      Segger\JL2CM3.dll V2.99.13.0
Dialog DLL:      TARMSTM.DLL V1.64.0.0
 
<h2>Project:</h2>
F:\OneDrive\VR\Gimbal_stm32\Project\RVMDK£¨uv5£©\Gimbal.uvprojx
Project File Date:  04/24/2016

<h2>Output:</h2>
Build target 'Led'
assembling startup_stm32f10x_hd.s...
compiling core_cm3.c...
compiling system_stm32f10x.c...
compiling misc.c...
compiling stm32f10x_adc.c...
compiling stm32f10x_bkp.c...
compiling stm32f10x_can.c...
compiling stm32f10x_cec.c...
compiling stm32f10x_crc.c...
compiling stm32f10x_dac.c...
compiling stm32f10x_dbgmcu.c...
compiling stm32f10x_dma.c...
compiling stm32f10x_exti.c...
compiling stm32f10x_flash.c...
compiling stm32f10x_fsmc.c...
compiling stm32f10x_gpio.c...
compiling stm32f10x_i2c.c...
compiling stm32f10x_iwdg.c...
compiling stm32f10x_pwr.c...
compiling stm32f10x_rcc.c...
compiling stm32f10x_rtc.c...
compiling stm32f10x_sdio.c...
compiling stm32f10x_spi.c...
compiling stm32f10x_tim.c...
compiling stm32f10x_usart.c...
compiling stm32f10x_wwdg.c...
compiling main.c...
..\..\User\PwmOutput\bsp_pwm_output.h(13): warning:  #1295-D: Deprecated declaration Reset - give arg types
  void Reset();
..\..\User\usart.h(7): warning:  #1295-D: Deprecated declaration USART_Config - give arg types
  void USART_Config();
..\..\User\usart.h(8): warning:  #1295-D: Deprecated declaration Usart_NVIC_Init - give arg types
  void Usart_NVIC_Init();
..\..\User\usart.h(11): warning:  #1-D: last line of file ends without a newline
  #endif
..\..\User\timer.h(6): warning:  #1295-D: Deprecated declaration Timer2_Config - give arg types
  void Timer2_Config();
..\..\User\timer.h(7): warning:  #1295-D: Deprecated declaration TIM2_NVIC_Configuration - give arg types
  void TIM2_NVIC_Configuration();
..\..\User\timer.h(8): warning:  #1-D: last line of file ends without a newline
  #endif
..\..\User\main.c: 7 warnings, 0 errors
compiling stm32f10x_it.c...
..\..\User\PwmOutput\bsp_pwm_output.h(13): warning:  #1295-D: Deprecated declaration Reset - give arg types
  void Reset();
..\..\User\stm32f10x_it.c: 1 warning, 0 errors
compiling bsp_pwm_output.c...
..\..\User\PwmOutput\bsp_pwm_output.h(13): warning:  #1295-D: Deprecated declaration Reset - give arg types
  void Reset();
..\..\User\PwmOutput\bsp_pwm_output.c(131): warning:  #186-D: pointless comparison of unsigned integer with zero
      if((angle<0)||(angle>135)) return;
..\..\User\PwmOutput\bsp_pwm_output.c: 2 warnings, 0 errors
compiling usart.c...
..\..\User\usart.h(7): warning:  #1295-D: Deprecated declaration USART_Config - give arg types
  void USART_Config();
..\..\User\usart.h(8): warning:  #1295-D: Deprecated declaration Usart_NVIC_Init - give arg types
  void Usart_NVIC_Init();
..\..\User\usart.h(11): warning:  #1-D: last line of file ends without a newline
  #endif
..\..\User\usart.c: 3 warnings, 0 errors
compiling timer.c...
..\..\User\timer.h(6): warning:  #1295-D: Deprecated declaration Timer2_Config - give arg types
  void Timer2_Config();
..\..\User\timer.h(7): warning:  #1295-D: Deprecated declaration TIM2_NVIC_Configuration - give arg types
  void TIM2_NVIC_Configuration();
..\..\User\timer.h(8): warning:  #1-D: last line of file ends without a newline
  #endif
..\..\User\timer.c(44): warning:  #1-D: last line of file ends without a newline
  }
..\..\User\timer.c: 4 warnings, 0 errors
linking...
Program Size: Code=9924 RO-data=336 RW-data=68 ZI-data=1044  
FromELF: creating hex file...
"..\..\Output\gimbal.axf" - 0 Error(s), 17 Warning(s).

<h2>Collection of Component include folders:</h2>
  F:\OneDrive\VR\Gimbal_stm32\Project\RVMDK£¨uv5£©\RTE
  d:\Keil_v5\ARM\PACK\Keil\STM32F1xx_DFP\2.0.0

<h2>Collection of Component Files used:</h2>
</pre>
</body>
</html>
