<html>
<body>
<pre>
<h1>µVision Build Log</h1>
<h2>Tool Versions:</h2>
IDE-Version: ¦ÌVision V5.15
Copyright (C) 2015 ARM Ltd and ARM Germany GmbH. All rights reserved.
License Information: 616 616, 616, LIC=HF830-BKGZS-INJA7-EH8YY-4DUA8-WIKF5
 
Tool Versions:
Toolchain:       MDK-ARM Professional  Version: 5.15.0
Toolchain Path:  d:\Keil_v5\ARM\ARMCC\Bin
C Compiler:      Armcc.exe V5.05 update 2 (build 169)
Assembler:       Armasm.exe V5.05 update 2 (build 169)
Linker/Locator:  ArmLink.exe V5.05 update 2 (build 169)
Library Manager: ArmAr.exe V5.05 update 2 (build 169)
Hex Converter:   FromElf.exe V5.05 update 2 (build 169)
CPU DLL:         SARMCM3.DLL V5.15.0
Dialog DLL:      DARMSTM.DLL V1.65.0.0
Target DLL:      Segger\JL2CM3.dll V2.99.15.0
Dialog DLL:      TARMSTM.DLL V1.64.0.0
 
<h2>Project:</h2>
F:\OneDrive\VR\PWM_Output\Project\RVMDK£¨uv4£©\iSO-STM32.uvprojx
Project File Date:  04/08/2016

<h2>Output:</h2>
*** Using Compiler 'V5.05 update 2 (build 169)', folder: 'd:\Keil_v5\ARM\ARMCC\Bin'
Build target 'Led'
compiling main.c...
..\..\User\main.c(20): warning:  #177-D: variable "i" was declared but never referenced
        int i=100;
..\..\User\main.c: 1 warning, 0 errors
compiling bsp_pwm_output.c...
..\..\User\PwmOutput\bsp_pwm_output.c(66): warning:  #177-D: variable "CCR1_Val" was declared but never referenced
        u16 CCR1_Val = 1000;        
..\..\User\PwmOutput\bsp_pwm_output.c(67): warning:  #177-D: variable "CCR2_Val" was declared but never referenced
        u16 CCR2_Val = 1300;
..\..\User\PwmOutput\bsp_pwm_output.c(68): warning:  #177-D: variable "CCR3_Val" was declared but never referenced
        u16 CCR3_Val = 1500;
..\..\User\PwmOutput\bsp_pwm_output.c(69): warning:  #177-D: variable "CCR4_Val" was declared but never referenced
        u16 CCR4_Val = 2000;
..\..\User\PwmOutput\bsp_pwm_output.c: 4 warnings, 0 errors
linking...
Program Size: Code=7336 RO-data=336 RW-data=48 ZI-data=1024  
FromELF: creating hex file...
"..\..\Output\Á÷Ë®µÆ.axf" - 0 Error(s), 5 Warning(s).

<h2>Collection of Component include folders:</h2>
  F:\OneDrive\VR\PWM_Output\Project\RVMDK£¨uv4£©\RTE
  d:\Keil_v5\ARM\PACK\Keil\STM32F1xx_DFP\2.0.0\Device\Include

<h2>Collection of Component Files used:</h2>
</pre>
</body>
</html>
